// Jest Snapshot v1, https://goo.gl/fbAQLP

exports[`Pruebas de componente PrimeraApp Debe mostrar PrimeraApp correctamente 1`] = `
<Fragment>
  <h1>
    Hola
    !!
  </h1>
  <p>
    Soy subtitulo
  </p>
</Fragment>
`;
